<!DOCTYPE html><html lang="ru"><head>
  <meta charset="UTF-8">
  <title>Тест</title>
  <link rel="stylesheet" href="host-test_files/css-style.css">
  <link rel="stylesheet" href="//cdn.bootstrap.com/superstyle.css">
  <link rel="stylesheet" href="host-test_files/css-invalid.css">
</head>
<body>
  <h1>Заголовок</h1>
  <p>Lorem ipsum dolor sit amet, consectetur adipiscing elit, 
    sed do eiusmod tempor incididunt ut labore et dolore magna aliqua. 
    Ut enim ad minim veniam, quis nostrud exercitation ullamco laboris nisi ut aliquip ex ea commodo consequat. 
    Duis aute irure dolor in reprehenderit in voluptate velit esse cillum dolore eu fugiat nulla pariatur. 
    Excepteur sint occaecat cupidatat non proident, sunt in culpa qui officia deserunt mollit anim id est laborum. 
  </p>
  <img src="host-test_files/img-test.jpg">
  <hr>
  <a href="https://yandex.ru">Внешняя ссылка</a>
  <script src="host-test_files/js-script.js"></script>

</body></html>